multiline.txt 20220128/234741.000 - multiline the system
  is starting
  now
file1.txt 20220128/234742.222 - file1 is starting
file2.txt 20220128/234743.222 - file2 is starting
